// Jest Snapshot v1, https://goo.gl/fbAQLP

exports[`should render ExpenseListItem correctly 1`] = `
<div>
  <Link
    replace={false}
    to="/edit/2"
  >
    <h3>
      breakfast
    </h3>
  </Link>
  <p>
    $13.00
    -
    December 29th 1969
  </p>
</div>
`;
